[train] device=mps, data=data/default.npz, epochs=30
[train] params total=1,391,616 trainable=920,448
[train] reg_target=z_pred loss_fn=mse mask_ratio=0.0 cov_w=25.0 var_w=25.0 ema_tau_start=0.996
/Users/lucas/Documents/Projects/world_models/world-jepa/mini_vjepa/losses.py:49: UserWarning: The operator 'aten::_linalg_eigh.eigenvalues' is not currently supported on the MPS backend and will fall back to run on the CPU. This may have performance implications. (Triggered internally at /Users/runner/work/pytorch/pytorch/pytorch/aten/src/ATen/mps/MPSFallback.mm:13.)
  eigvals = torch.linalg.eigvalsh(cov)
[epoch 000] loss=21.8569 mse=1.8783 var=0.7745 cov=0.0247 avg_std=0.3218 eff_rank=26.85 cos_sim=0.8946 ctx_eff_rank=13.16 ctx_cos=0.3898 lr=1.51e-05 tau=0.99600 t=34.6s
[ETA] avg=34.6s/epoch, 29 epochs left, ~16.7 min remaining (~0.28 h)
[epoch 001] loss=19.8030 mse=1.5894 var=0.6458 cov=0.0827 avg_std=0.3787 eff_rank=30.38 cos_sim=0.8540 ctx_eff_rank=11.75 ctx_cos=0.3604 lr=3.01e-05 tau=0.99600 t=33.6s
[ETA] avg=34.1s/epoch, 28 epochs left, ~15.9 min remaining (~0.27 h)
[epoch 002] loss=19.8327 mse=1.4159 var=0.6790 cov=0.0577 avg_std=0.3894 eff_rank=33.60 cos_sim=0.8458 ctx_eff_rank=12.14 ctx_cos=0.3509 lr=4.51e-05 tau=0.99600 t=33.5s
[ETA] avg=33.9s/epoch, 27 epochs left, ~15.3 min remaining (~0.25 h)
[epoch 003] loss=19.2263 mse=1.3474 var=0.6327 cov=0.0824 avg_std=0.3896 eff_rank=34.87 cos_sim=0.8462 ctx_eff_rank=9.17 ctx_cos=0.3791 lr=6.01e-05 tau=0.99600 t=33.6s
[ETA] avg=33.8s/epoch, 26 epochs left, ~14.7 min remaining (~0.24 h)
[epoch 004] loss=18.6814 mse=1.3208 var=0.5994 cov=0.0950 avg_std=0.4327 eff_rank=38.66 cos_sim=0.8105 ctx_eff_rank=7.69 ctx_cos=0.4876 lr=7.51e-05 tau=0.99601 t=33.4s
[ETA] avg=33.8s/epoch, 25 epochs left, ~14.1 min remaining (~0.23 h)
[epoch 005] loss=20.9876 mse=1.0914 var=0.7613 cov=0.0346 avg_std=0.3925 eff_rank=34.02 cos_sim=0.8436 ctx_eff_rank=6.70 ctx_cos=0.4670 lr=9.01e-05 tau=0.99601 t=33.6s
[ETA] avg=33.7s/epoch, 24 epochs left, ~13.5 min remaining (~0.22 h)
[epoch 006] loss=19.5601 mse=1.1014 var=0.6748 cov=0.0636 avg_std=0.4238 eff_rank=38.15 cos_sim=0.8181 ctx_eff_rank=7.44 ctx_cos=0.7198 lr=1.05e-04 tau=0.99602 t=33.3s
[ETA] avg=33.7s/epoch, 23 epochs left, ~12.9 min remaining (~0.22 h)
[epoch 007] loss=22.5235 mse=0.8032 var=0.8553 cov=0.0135 avg_std=0.2631 eff_rank=20.98 cos_sim=0.9287 ctx_eff_rank=5.78 ctx_cos=0.7641 lr=1.20e-04 tau=0.99602 t=33.3s
[ETA] avg=33.6s/epoch, 22 epochs left, ~12.3 min remaining (~0.21 h)
[epoch 008] loss=20.7218 mse=1.5634 var=0.6922 cov=0.0742 avg_std=0.3447 eff_rank=24.61 cos_sim=0.8782 ctx_eff_rank=5.57 ctx_cos=0.7993 lr=1.35e-04 tau=0.99603 t=33.5s
[ETA] avg=33.6s/epoch, 21 epochs left, ~11.8 min remaining (~0.20 h)
[epoch 009] loss=21.3741 mse=1.0176 var=0.7549 cov=0.0593 avg_std=0.2465 eff_rank=10.83 cos_sim=0.9361 ctx_eff_rank=3.95 ctx_cos=0.4363 lr=1.50e-04 tau=0.99604 t=33.4s
[ETA] avg=33.6s/epoch, 20 epochs left, ~11.2 min remaining (~0.19 h)
[epoch 010] loss=21.9782 mse=0.7183 var=0.7994 cov=0.0510 avg_std=0.2095 eff_rank=7.58 cos_sim=0.9528 ctx_eff_rank=2.27 ctx_cos=0.5311 lr=1.50e-04 tau=0.99604 t=33.9s
[ETA] avg=33.6s/epoch, 19 epochs left, ~10.6 min remaining (~0.18 h)
[epoch 011] loss=27.3296 mse=0.8572 var=0.7120 cov=0.3469 avg_std=0.2807 eff_rank=5.04 cos_sim=0.9136 ctx_eff_rank=2.30 ctx_cos=0.5031 lr=1.50e-04 tau=0.99605 t=33.5s
[ETA] avg=33.6s/epoch, 18 epochs left, ~10.1 min remaining (~0.17 h)
[epoch 012] loss=23.0237 mse=1.3413 var=0.8091 cov=0.0582 avg_std=0.2102 eff_rank=6.82 cos_sim=0.9517 ctx_eff_rank=2.98 ctx_cos=0.5925 lr=1.50e-04 tau=0.99606 t=33.4s
[ETA] avg=33.6s/epoch, 17 epochs left, ~9.5 min remaining (~0.16 h)
[epoch 013] loss=22.3797 mse=0.7950 var=0.8207 cov=0.0427 avg_std=0.1910 eff_rank=5.84 cos_sim=0.9592 ctx_eff_rank=2.73 ctx_cos=0.5588 lr=1.50e-04 tau=0.99607 t=33.6s
[ETA] avg=33.6s/epoch, 16 epochs left, ~9.0 min remaining (~0.15 h)
[epoch 014] loss=22.0776 mse=0.7879 var=0.7971 cov=0.0545 avg_std=0.2104 eff_rank=6.58 cos_sim=0.9519 ctx_eff_rank=2.98 ctx_cos=0.6182 lr=1.50e-04 tau=0.99609 t=33.8s
[ETA] avg=33.6s/epoch, 15 epochs left, ~8.4 min remaining (~0.14 h)
[epoch 015] loss=23.3528 mse=1.0324 var=0.8671 cov=0.0258 avg_std=0.1652 eff_rank=4.49 cos_sim=0.9689 ctx_eff_rank=3.13 ctx_cos=0.7250 lr=1.49e-04 tau=0.99610 t=34.5s
[ETA] avg=33.7s/epoch, 14 epochs left, ~7.9 min remaining (~0.13 h)
[epoch 016] loss=25.3286 mse=1.1686 var=0.7868 cov=0.1796 avg_std=0.1748 eff_rank=4.21 cos_sim=0.9646 ctx_eff_rank=2.70 ctx_cos=0.6213 lr=1.49e-04 tau=0.99611 t=35.5s
[ETA] avg=33.8s/epoch, 13 epochs left, ~7.3 min remaining (~0.12 h)
[epoch 017] loss=22.9170 mse=0.9856 var=0.8276 cov=0.0497 avg_std=0.1748 eff_rank=3.70 cos_sim=0.9654 ctx_eff_rank=2.82 ctx_cos=0.7298 lr=1.49e-04 tau=0.99613 t=34.4s
[ETA] avg=33.8s/epoch, 12 epochs left, ~6.8 min remaining (~0.11 h)
[epoch 018] loss=22.7861 mse=0.7953 var=0.8196 cov=0.0600 avg_std=0.1752 eff_rank=3.95 cos_sim=0.9651 ctx_eff_rank=2.87 ctx_cos=0.7332 lr=1.49e-04 tau=0.99614 t=34.9s
[ETA] avg=33.9s/epoch, 11 epochs left, ~6.2 min remaining (~0.10 h)
[epoch 019] loss=23.7058 mse=0.6749 var=0.8144 cov=0.1069 avg_std=0.1648 eff_rank=3.59 cos_sim=0.9694 ctx_eff_rank=2.59 ctx_cos=0.7161 lr=1.48e-04 tau=0.99616 t=34.9s
[ETA] avg=33.9s/epoch, 10 epochs left, ~5.7 min remaining (~0.09 h)
[anti-collapse WARNING] effective_rank<5.0 for 5 consecutive epochs (dimensional collapse)
[epoch 020] loss=25.5707 mse=0.6281 var=0.8130 cov=0.1847 avg_std=0.1603 eff_rank=3.19 cos_sim=0.9704 ctx_eff_rank=2.89 ctx_cos=0.7521 lr=1.48e-04 tau=0.99618 t=34.8s
[ETA] avg=34.0s/epoch, 9 epochs left, ~5.1 min remaining (~0.08 h)
[anti-collapse WARNING] effective_rank<5.0 for 6 consecutive epochs (dimensional collapse)
[epoch 021] loss=31.1889 mse=1.1556 var=0.7150 cov=0.4864 avg_std=0.2551 eff_rank=2.48 cos_sim=0.9268 ctx_eff_rank=2.37 ctx_cos=0.7687 lr=1.47e-04 tau=0.99619 t=34.9s
[ETA] avg=34.0s/epoch, 8 epochs left, ~4.5 min remaining (~0.08 h)
[anti-collapse WARNING] effective_rank<5.0 for 7 consecutive epochs (dimensional collapse)
[epoch 022] loss=24.1988 mse=1.0995 var=0.8628 cov=0.0612 avg_std=0.1206 eff_rank=1.49 cos_sim=0.9805 ctx_eff_rank=2.33 ctx_cos=0.7269 lr=1.47e-04 tau=0.99621 t=33.6s
[ETA] avg=34.0s/epoch, 7 epochs left, ~4.0 min remaining (~0.07 h)
[anti-collapse WARNING] effective_rank<5.0 for 8 consecutive epochs (dimensional collapse)
[anti-collapse STOP] effective_rank<5.0 for 8 epochs >= patience 8. Aborting at epoch 22.
[train] done. run_dir=/Users/lucas/Documents/Projects/world_models/world-jepa/runs/20260519_161036_E1_def_cov25
