[train] device=mps, data=data/default.npz, epochs=30
[train] params total=1,391,616 trainable=920,448
[train] reg_target=both loss_fn=mse mask_ratio=0.75 cov_w=25.0 var_w=25.0 ema_tau_start=0.99
/Users/lucas/Documents/Projects/world_models/world-jepa/mini_vjepa/losses.py:49: UserWarning: The operator 'aten::_linalg_eigh.eigenvalues' is not currently supported on the MPS backend and will fall back to run on the CPU. This may have performance implications. (Triggered internally at /Users/runner/work/pytorch/pytorch/pytorch/aten/src/ATen/mps/MPSFallback.mm:13.)
  eigvals = torch.linalg.eigvalsh(cov)
[epoch 000] loss=157.3937 mse=1.8171 var=0.4958 cov=5.7273 avg_std=0.3754 eff_rank=33.44 cos_sim=0.8566 ctx_eff_rank=7.02 ctx_cos=0.2174 lr=1.51e-05 tau=0.99000 t=36.4s
[ETA] avg=36.4s/epoch, 29 epochs left, ~17.6 min remaining (~0.29 h)
[epoch 001] loss=268.4073 mse=1.3831 var=0.4391 cov=10.2419 avg_std=0.4925 eff_rank=45.68 cos_sim=0.7539 ctx_eff_rank=6.04 ctx_cos=0.5140 lr=3.01e-05 tau=0.99000 t=35.7s
[ETA] avg=36.1s/epoch, 28 epochs left, ~16.8 min remaining (~0.28 h)
[epoch 002] loss=93.3814 mse=0.8631 var=0.4505 cov=3.2502 avg_std=0.5369 eff_rank=54.89 cos_sim=0.7055 ctx_eff_rank=4.81 ctx_cos=0.2709 lr=4.51e-05 tau=0.99000 t=35.1s
[ETA] avg=35.8s/epoch, 27 epochs left, ~16.1 min remaining (~0.27 h)
[epoch 003] loss=57.4264 mse=0.9558 var=0.4857 cov=1.7731 avg_std=0.6223 eff_rank=64.96 cos_sim=0.5977 ctx_eff_rank=5.93 ctx_cos=0.6912 lr=6.01e-05 tau=0.99001 t=35.1s
[ETA] avg=35.6s/epoch, 26 epochs left, ~15.4 min remaining (~0.26 h)
[epoch 004] loss=42.6377 mse=0.7620 var=0.5092 cov=1.1659 avg_std=0.6315 eff_rank=67.25 cos_sim=0.5785 ctx_eff_rank=7.82 ctx_cos=0.5591 lr=7.51e-05 tau=0.99002 t=35.4s
[ETA] avg=35.6s/epoch, 25 epochs left, ~14.8 min remaining (~0.25 h)
[epoch 005] loss=29.1003 mse=0.7784 var=0.5327 cov=0.6002 avg_std=0.6674 eff_rank=70.04 cos_sim=0.5317 ctx_eff_rank=3.75 ctx_cos=0.8353 lr=9.01e-05 tau=0.99003 t=35.4s
[ETA] avg=35.5s/epoch, 24 epochs left, ~14.2 min remaining (~0.24 h)
[epoch 006] loss=25.4649 mse=0.5611 var=0.5599 cov=0.4362 avg_std=0.6751 eff_rank=70.83 cos_sim=0.5170 ctx_eff_rank=5.58 ctx_cos=0.6383 lr=1.05e-04 tau=0.99004 t=35.4s
[ETA] avg=35.5s/epoch, 23 epochs left, ~13.6 min remaining (~0.23 h)
[epoch 007] loss=30.9793 mse=0.7140 var=0.5144 cov=0.6962 avg_std=0.7093 eff_rank=72.72 cos_sim=0.4601 ctx_eff_rank=10.20 ctx_cos=0.5936 lr=1.20e-04 tau=0.99005 t=34.9s
[ETA] avg=35.4s/epoch, 22 epochs left, ~13.0 min remaining (~0.22 h)
[epoch 008] loss=23.3826 mse=0.8195 var=0.5443 cov=0.3582 avg_std=0.6800 eff_rank=69.84 cos_sim=0.4780 ctx_eff_rank=5.99 ctx_cos=0.6172 lr=1.35e-04 tau=0.99007 t=34.9s
[ETA] avg=35.4s/epoch, 21 epochs left, ~12.4 min remaining (~0.21 h)
[epoch 009] loss=24.1235 mse=0.7501 var=0.5482 cov=0.3867 avg_std=0.6907 eff_rank=72.45 cos_sim=0.4452 ctx_eff_rank=7.00 ctx_cos=0.6503 lr=1.50e-04 tau=0.99009 t=34.9s
[ETA] avg=35.3s/epoch, 20 epochs left, ~11.8 min remaining (~0.20 h)
[epoch 010] loss=17.5318 mse=0.6653 var=0.5653 cov=0.1094 avg_std=0.6934 eff_rank=73.30 cos_sim=0.4285 ctx_eff_rank=10.33 ctx_cos=0.6789 lr=1.50e-04 tau=0.99011 t=35.4s
[ETA] avg=35.3s/epoch, 19 epochs left, ~11.2 min remaining (~0.19 h)
[epoch 011] loss=17.3807 mse=0.7208 var=0.5686 cov=0.0978 avg_std=0.6931 eff_rank=74.38 cos_sim=0.4059 ctx_eff_rank=10.14 ctx_cos=0.5849 lr=1.50e-04 tau=0.99013 t=35.0s
[ETA] avg=35.3s/epoch, 18 epochs left, ~10.6 min remaining (~0.18 h)
[epoch 012] loss=17.0749 mse=0.7520 var=0.5551 cov=0.0978 avg_std=0.7173 eff_rank=76.49 cos_sim=0.3465 ctx_eff_rank=10.58 ctx_cos=0.5628 lr=1.50e-04 tau=0.99016 t=35.1s
[ETA] avg=35.3s/epoch, 17 epochs left, ~10.0 min remaining (~0.17 h)
[epoch 013] loss=19.4611 mse=0.7334 var=0.5607 cov=0.1884 avg_std=0.7186 eff_rank=74.95 cos_sim=0.3237 ctx_eff_rank=5.58 ctx_cos=0.6207 lr=1.50e-04 tau=0.99019 t=35.8s
[ETA] avg=35.3s/epoch, 16 epochs left, ~9.4 min remaining (~0.16 h)
[epoch 014] loss=17.4254 mse=0.8001 var=0.5524 cov=0.1126 avg_std=0.7126 eff_rank=77.19 cos_sim=0.3350 ctx_eff_rank=11.24 ctx_cos=0.4414 lr=1.50e-04 tau=0.99022 t=35.0s
[ETA] avg=35.3s/epoch, 15 epochs left, ~8.8 min remaining (~0.15 h)
[epoch 015] loss=17.8726 mse=0.7918 var=0.5394 cov=0.1439 avg_std=0.7284 eff_rank=77.87 cos_sim=0.2764 ctx_eff_rank=5.71 ctx_cos=0.9007 lr=1.49e-04 tau=0.99025 t=36.0s
[ETA] avg=35.4s/epoch, 14 epochs left, ~8.3 min remaining (~0.14 h)
[epoch 016] loss=17.3486 mse=0.6266 var=0.5956 cov=0.0732 avg_std=0.7248 eff_rank=79.80 cos_sim=0.2815 ctx_eff_rank=6.77 ctx_cos=0.8964 lr=1.49e-04 tau=0.99028 t=35.2s
[ETA] avg=35.4s/epoch, 13 epochs left, ~7.7 min remaining (~0.13 h)
[epoch 017] loss=17.6125 mse=0.6153 var=0.6092 cov=0.0707 avg_std=0.7203 eff_rank=81.12 cos_sim=0.2908 ctx_eff_rank=6.93 ctx_cos=0.8979 lr=1.49e-04 tau=0.99032 t=35.1s
[ETA] avg=35.3s/epoch, 12 epochs left, ~7.1 min remaining (~0.12 h)
[epoch 018] loss=17.4394 mse=0.6142 var=0.5985 cov=0.0745 avg_std=0.7303 eff_rank=83.04 cos_sim=0.2781 ctx_eff_rank=7.23 ctx_cos=0.8935 lr=1.49e-04 tau=0.99036 t=35.0s
[ETA] avg=35.3s/epoch, 11 epochs left, ~6.5 min remaining (~0.11 h)
[epoch 019] loss=17.1244 mse=0.6159 var=0.5808 cov=0.0795 avg_std=0.7545 eff_rank=85.91 cos_sim=0.2376 ctx_eff_rank=7.36 ctx_cos=0.8838 lr=1.48e-04 tau=0.99040 t=34.9s
[ETA] avg=35.3s/epoch, 10 epochs left, ~5.9 min remaining (~0.10 h)
[epoch 020] loss=19.1113 mse=0.6626 var=0.6731 cov=0.0648 avg_std=0.7190 eff_rank=79.65 cos_sim=0.3075 ctx_eff_rank=7.44 ctx_cos=0.8766 lr=1.48e-04 tau=0.99044 t=35.1s
[ETA] avg=35.3s/epoch, 9 epochs left, ~5.3 min remaining (~0.09 h)
[epoch 021] loss=20.6058 mse=0.7638 var=0.7419 cov=0.0518 avg_std=0.5505 eff_rank=61.86 cos_sim=0.5953 ctx_eff_rank=7.53 ctx_cos=0.8503 lr=1.47e-04 tau=0.99048 t=35.9s
[ETA] avg=35.3s/epoch, 8 epochs left, ~4.7 min remaining (~0.08 h)
[epoch 022] loss=19.2493 mse=0.4893 var=0.6819 cov=0.0685 avg_std=0.5451 eff_rank=61.15 cos_sim=0.5903 ctx_eff_rank=7.71 ctx_cos=0.8468 lr=1.47e-04 tau=0.99053 t=37.0s
[ETA] avg=35.4s/epoch, 7 epochs left, ~4.1 min remaining (~0.07 h)
[epoch 023] loss=21.9769 mse=0.7447 var=0.8156 cov=0.0336 avg_std=0.2325 eff_rank=22.67 cos_sim=0.9215 ctx_eff_rank=8.10 ctx_cos=0.8406 lr=1.47e-04 tau=0.99058 t=35.4s
[ETA] avg=35.4s/epoch, 6 epochs left, ~3.5 min remaining (~0.06 h)
[epoch 024] loss=18.9633 mse=0.4692 var=0.6625 cov=0.0773 avg_std=0.5675 eff_rank=62.46 cos_sim=0.5484 ctx_eff_rank=8.51 ctx_cos=0.8161 lr=1.46e-04 tau=0.99063 t=36.2s
[ETA] avg=35.4s/epoch, 5 epochs left, ~3.0 min remaining (~0.05 h)
[epoch 025] loss=20.1794 mse=0.5172 var=0.7351 cov=0.0513 avg_std=0.5737 eff_rank=63.02 cos_sim=0.5300 ctx_eff_rank=9.23 ctx_cos=0.7827 lr=1.46e-04 tau=0.99068 t=36.1s
[ETA] avg=35.4s/epoch, 4 epochs left, ~2.4 min remaining (~0.04 h)
[epoch 026] loss=18.9683 mse=0.4640 var=0.6323 cov=0.1078 avg_std=0.6243 eff_rank=67.91 cos_sim=0.4443 ctx_eff_rank=9.27 ctx_cos=0.7605 lr=1.45e-04 tau=0.99073 t=34.9s
[ETA] avg=35.4s/epoch, 3 epochs left, ~1.8 min remaining (~0.03 h)
[epoch 027] loss=21.2810 mse=0.7200 var=0.7703 cov=0.0522 avg_std=0.2421 eff_rank=12.12 cos_sim=0.9116 ctx_eff_rank=9.38 ctx_cos=0.7466 lr=1.44e-04 tau=0.99079 t=35.9s
[ETA] avg=35.4s/epoch, 2 epochs left, ~1.2 min remaining (~0.02 h)
[epoch 028] loss=23.3128 mse=0.6542 var=0.7891 cov=0.1172 avg_std=0.1840 eff_rank=7.16 cos_sim=0.9439 ctx_eff_rank=9.53 ctx_cos=0.7654 lr=1.44e-04 tau=0.99085 t=35.7s
[ETA] avg=35.5s/epoch, 1 epochs left, ~0.6 min remaining (~0.01 h)
[epoch 029] loss=21.4288 mse=0.5052 var=0.7547 cov=0.0822 avg_std=0.2457 eff_rank=13.97 cos_sim=0.9051 ctx_eff_rank=7.12 ctx_cos=0.6453 lr=1.43e-04 tau=0.99091 t=35.9s
[ETA] avg=35.5s/epoch, 0 epochs left, ~0.0 min remaining (~0.00 h)
[train] done. run_dir=/Users/lucas/Documents/Projects/world_models/world-jepa/runs/20260519_165643_E7_def_kitchen_plus_mask
