[baseline-pixel] device=mps, data=data/default.npz, epochs=150
[baseline-pixel] params encoder=471,168 predictor=449,152 decoder=665,091 total=1,585,411
[baseline-pixel] lr_peak=5.00e-05 lr_final=1.00e-05
[epoch 000] loss=0.062350 pixel_mse=0.062350 lr=5.03e-06 t=45.1s
[ETA] avg=45.1s/epoch, 149 epochs left, ~112.1 min remaining (~1.87 h)
[epoch 001] loss=0.038160 pixel_mse=0.038160 lr=1.00e-05 t=42.9s
[ETA] avg=44.0s/epoch, 148 epochs left, ~108.6 min remaining (~1.81 h)
[epoch 002] loss=0.036422 pixel_mse=0.036422 lr=1.50e-05 t=43.4s
[ETA] avg=43.8s/epoch, 147 epochs left, ~107.3 min remaining (~1.79 h)
[epoch 003] loss=0.040597 pixel_mse=0.040597 lr=2.00e-05 t=42.5s
[ETA] avg=43.5s/epoch, 146 epochs left, ~105.8 min remaining (~1.76 h)
[epoch 004] loss=0.041507 pixel_mse=0.041507 lr=2.50e-05 t=42.6s
[ETA] avg=43.3s/epoch, 145 epochs left, ~104.7 min remaining (~1.74 h)
[epoch 005] loss=0.042551 pixel_mse=0.042551 lr=3.00e-05 t=42.4s
[ETA] avg=43.2s/epoch, 144 epochs left, ~103.6 min remaining (~1.73 h)
[epoch 006] loss=0.041232 pixel_mse=0.041232 lr=3.50e-05 t=42.3s
[ETA] avg=43.0s/epoch, 143 epochs left, ~102.6 min remaining (~1.71 h)
[epoch 007] loss=0.041020 pixel_mse=0.041020 lr=4.00e-05 t=42.6s
[ETA] avg=43.0s/epoch, 142 epochs left, ~101.7 min remaining (~1.70 h)
[epoch 008] loss=0.038572 pixel_mse=0.038572 lr=4.50e-05 t=42.6s
[ETA] avg=42.9s/epoch, 141 epochs left, ~100.9 min remaining (~1.68 h)
[epoch 009] loss=0.034738 pixel_mse=0.034738 lr=5.00e-05 t=42.4s
[ETA] avg=42.9s/epoch, 140 epochs left, ~100.1 min remaining (~1.67 h)
[epoch 010] loss=0.028474 pixel_mse=0.028474 lr=5.00e-05 t=42.2s
[ETA] avg=42.8s/epoch, 139 epochs left, ~99.2 min remaining (~1.65 h)
[epoch 011] loss=0.027014 pixel_mse=0.027014 lr=5.00e-05 t=42.5s
[ETA] avg=42.8s/epoch, 138 epochs left, ~98.4 min remaining (~1.64 h)
[epoch 012] loss=0.034940 pixel_mse=0.034940 lr=5.00e-05 t=42.8s
[ETA] avg=42.8s/epoch, 137 epochs left, ~97.7 min remaining (~1.63 h)
[epoch 013] loss=0.032817 pixel_mse=0.032817 lr=4.99e-05 t=42.7s
[ETA] avg=42.8s/epoch, 136 epochs left, ~97.0 min remaining (~1.62 h)
[epoch 014] loss=0.038519 pixel_mse=0.038519 lr=4.99e-05 t=42.4s
[ETA] avg=42.8s/epoch, 135 epochs left, ~96.2 min remaining (~1.60 h)
[epoch 015] loss=0.040038 pixel_mse=0.040038 lr=4.98e-05 t=43.5s
[ETA] avg=42.8s/epoch, 134 epochs left, ~95.6 min remaining (~1.59 h)
[epoch 016] loss=0.033593 pixel_mse=0.033593 lr=4.98e-05 t=43.3s
[ETA] avg=42.8s/epoch, 133 epochs left, ~94.9 min remaining (~1.58 h)
[epoch 017] loss=0.030086 pixel_mse=0.030086 lr=4.97e-05 t=42.3s
[ETA] avg=42.8s/epoch, 132 epochs left, ~94.2 min remaining (~1.57 h)
[epoch 018] loss=0.026536 pixel_mse=0.026536 lr=4.96e-05 t=42.1s
[ETA] avg=42.8s/epoch, 131 epochs left, ~93.4 min remaining (~1.56 h)
[epoch 019] loss=0.025733 pixel_mse=0.025733 lr=4.95e-05 t=41.9s
[ETA] avg=42.7s/epoch, 130 epochs left, ~92.6 min remaining (~1.54 h)
[epoch 020] loss=0.026116 pixel_mse=0.026116 lr=4.94e-05 t=42.2s
[ETA] avg=42.7s/epoch, 129 epochs left, ~91.8 min remaining (~1.53 h)
[epoch 021] loss=0.032713 pixel_mse=0.032713 lr=4.93e-05 t=42.7s
[ETA] avg=42.7s/epoch, 128 epochs left, ~91.1 min remaining (~1.52 h)
[epoch 022] loss=0.029166 pixel_mse=0.029166 lr=4.92e-05 t=42.9s
[ETA] avg=42.7s/epoch, 127 epochs left, ~90.4 min remaining (~1.51 h)
[epoch 023] loss=0.028721 pixel_mse=0.028721 lr=4.90e-05 t=42.1s
[ETA] avg=42.7s/epoch, 126 epochs left, ~89.6 min remaining (~1.49 h)
[epoch 024] loss=0.032316 pixel_mse=0.032316 lr=4.89e-05 t=42.0s
[ETA] avg=42.7s/epoch, 125 epochs left, ~88.9 min remaining (~1.48 h)
[epoch 025] loss=0.022821 pixel_mse=0.022821 lr=4.87e-05 t=42.1s
[ETA] avg=42.6s/epoch, 124 epochs left, ~88.1 min remaining (~1.47 h)
[epoch 026] loss=0.024086 pixel_mse=0.024086 lr=4.86e-05 t=42.0s
[ETA] avg=42.6s/epoch, 123 epochs left, ~87.4 min remaining (~1.46 h)
[epoch 027] loss=0.019037 pixel_mse=0.019037 lr=4.84e-05 t=42.3s
[ETA] avg=42.6s/epoch, 122 epochs left, ~86.6 min remaining (~1.44 h)
[epoch 028] loss=0.018708 pixel_mse=0.018708 lr=4.82e-05 t=43.0s
[ETA] avg=42.6s/epoch, 121 epochs left, ~85.9 min remaining (~1.43 h)
[epoch 029] loss=0.017297 pixel_mse=0.017297 lr=4.80e-05 t=42.1s
[ETA] avg=42.6s/epoch, 120 epochs left, ~85.2 min remaining (~1.42 h)
[epoch 030] loss=0.015337 pixel_mse=0.015337 lr=4.78e-05 t=42.0s
[ETA] avg=42.6s/epoch, 119 epochs left, ~84.4 min remaining (~1.41 h)
[epoch 031] loss=0.015374 pixel_mse=0.015374 lr=4.76e-05 t=42.0s
[ETA] avg=42.6s/epoch, 118 epochs left, ~83.7 min remaining (~1.40 h)
[epoch 032] loss=0.015154 pixel_mse=0.015154 lr=4.74e-05 t=42.7s
[ETA] avg=42.6s/epoch, 117 epochs left, ~83.0 min remaining (~1.38 h)
[epoch 033] loss=0.015841 pixel_mse=0.015841 lr=4.72e-05 t=43.0s
[ETA] avg=42.6s/epoch, 116 epochs left, ~82.3 min remaining (~1.37 h)
[epoch 034] loss=0.016783 pixel_mse=0.016783 lr=4.69e-05 t=43.9s
[ETA] avg=42.6s/epoch, 115 epochs left, ~81.7 min remaining (~1.36 h)
[epoch 035] loss=0.018424 pixel_mse=0.018424 lr=4.67e-05 t=43.0s
[ETA] avg=42.6s/epoch, 114 epochs left, ~81.0 min remaining (~1.35 h)
[epoch 036] loss=0.015282 pixel_mse=0.015282 lr=4.64e-05 t=43.2s
[ETA] avg=42.6s/epoch, 113 epochs left, ~80.3 min remaining (~1.34 h)
[epoch 037] loss=0.016359 pixel_mse=0.016359 lr=4.62e-05 t=43.9s
[ETA] avg=42.7s/epoch, 112 epochs left, ~79.7 min remaining (~1.33 h)
[epoch 038] loss=0.015107 pixel_mse=0.015107 lr=4.59e-05 t=43.8s
[ETA] avg=42.7s/epoch, 111 epochs left, ~79.0 min remaining (~1.32 h)
[epoch 039] loss=0.014636 pixel_mse=0.014636 lr=4.56e-05 t=43.2s
[ETA] avg=42.7s/epoch, 110 epochs left, ~78.3 min remaining (~1.31 h)
[baseline-pixel] non-finite loss at epoch 40 batch 2; aborting run
